Archive member included to satisfy reference by file (symbol)

../StdPeriphDriver/libISP583.a(ISP583.o)
                              ./StdPeriphDriver/CH58x_flash.o (FLASH_EEPROM_CMD)
/home/flinux/Downloads/MounRiver_Studio_Community_Linux_x64_V170/MRS_Community/toolchain/RISC-V_Embedded_GCC/bin/../lib/gcc/riscv-none-embed/8.2.0/rv32imac/ilp32/libgcc.a(mulsf3.o)
                              ./src/AHT.o (__mulsf3)
/home/flinux/Downloads/MounRiver_Studio_Community_Linux_x64_V170/MRS_Community/toolchain/RISC-V_Embedded_GCC/bin/../lib/gcc/riscv-none-embed/8.2.0/rv32imac/ilp32/libgcc.a(subsf3.o)
                              ./src/AHT.o (__subsf3)
/home/flinux/Downloads/MounRiver_Studio_Community_Linux_x64_V170/MRS_Community/toolchain/RISC-V_Embedded_GCC/bin/../lib/gcc/riscv-none-embed/8.2.0/rv32imac/ilp32/libgcc.a(floatunsisf.o)
                              ./src/AHT.o (__floatunsisf)
/home/flinux/Downloads/MounRiver_Studio_Community_Linux_x64_V170/MRS_Community/toolchain/RISC-V_Embedded_GCC/bin/../lib/gcc/riscv-none-embed/8.2.0/rv32imac/ilp32/libgcc.a(extendsfdf2.o)
                              ./src/Main.o (__extendsfdf2)
/home/flinux/Downloads/MounRiver_Studio_Community_Linux_x64_V170/MRS_Community/toolchain/RISC-V_Embedded_GCC/bin/../lib/gcc/riscv-none-embed/8.2.0/rv32imac/ilp32/libgcc.a(_clzsi2.o)
                              /home/flinux/Downloads/MounRiver_Studio_Community_Linux_x64_V170/MRS_Community/toolchain/RISC-V_Embedded_GCC/bin/../lib/gcc/riscv-none-embed/8.2.0/rv32imac/ilp32/libgcc.a(mulsf3.o) (__clzsi2)
/home/flinux/Downloads/MounRiver_Studio_Community_Linux_x64_V170/MRS_Community/toolchain/RISC-V_Embedded_GCC/bin/../lib/gcc/riscv-none-embed/8.2.0/rv32imac/ilp32/libgcc.a(_clz.o)
                              /home/flinux/Downloads/MounRiver_Studio_Community_Linux_x64_V170/MRS_Community/toolchain/RISC-V_Embedded_GCC/bin/../lib/gcc/riscv-none-embed/8.2.0/rv32imac/ilp32/libgcc.a(_clzsi2.o) (__clz_tab)
/home/flinux/Downloads/MounRiver_Studio_Community_Linux_x64_V170/MRS_Community/toolchain/RISC-V_Embedded_GCC/bin/../lib/gcc/riscv-none-embed/8.2.0/../../../../riscv-none-embed/lib/rv32imac/ilp32/libg_nano.a(lib_a-memcpy.o)
                              ./src/app_i2c.o (memcpy)
/home/flinux/Downloads/MounRiver_Studio_Community_Linux_x64_V170/MRS_Community/toolchain/RISC-V_Embedded_GCC/bin/../lib/gcc/riscv-none-embed/8.2.0/../../../../riscv-none-embed/lib/rv32imac/ilp32/libg_nano.a(lib_a-printf.o)
                              ./StdPeriphDriver/CH58x_usb2hostClass.o (printf)
/home/flinux/Downloads/MounRiver_Studio_Community_Linux_x64_V170/MRS_Community/toolchain/RISC-V_Embedded_GCC/bin/../lib/gcc/riscv-none-embed/8.2.0/../../../../riscv-none-embed/lib/rv32imac/ilp32/libg_nano.a(lib_a-putchar.o)
                              ./StdPeriphDriver/CH58x_usb2hostClass.o (putchar)
/home/flinux/Downloads/MounRiver_Studio_Community_Linux_x64_V170/MRS_Community/toolchain/RISC-V_Embedded_GCC/bin/../lib/gcc/riscv-none-embed/8.2.0/../../../../riscv-none-embed/lib/rv32imac/ilp32/libg_nano.a(lib_a-puts.o)
                              ./StdPeriphDriver/CH58x_usb2hostBase.o (puts)
/home/flinux/Downloads/MounRiver_Studio_Community_Linux_x64_V170/MRS_Community/toolchain/RISC-V_Embedded_GCC/bin/../lib/gcc/riscv-none-embed/8.2.0/../../../../riscv-none-embed/lib/rv32imac/ilp32/libg_nano.a(lib_a-snprintf.o)
                              ./src/Main.o (snprintf)
/home/flinux/Downloads/MounRiver_Studio_Community_Linux_x64_V170/MRS_Community/toolchain/RISC-V_Embedded_GCC/bin/../lib/gcc/riscv-none-embed/8.2.0/../../../../riscv-none-embed/lib/rv32imac/ilp32/libg_nano.a(lib_a-strlen.o)
                              ./src/Main.o (strlen)
/home/flinux/Downloads/MounRiver_Studio_Community_Linux_x64_V170/MRS_Community/toolchain/RISC-V_Embedded_GCC/bin/../lib/gcc/riscv-none-embed/8.2.0/../../../../riscv-none-embed/lib/rv32imac/ilp32/libg_nano.a(lib_a-wbuf.o)
                              /home/flinux/Downloads/MounRiver_Studio_Community_Linux_x64_V170/MRS_Community/toolchain/RISC-V_Embedded_GCC/bin/../lib/gcc/riscv-none-embed/8.2.0/../../../../riscv-none-embed/lib/rv32imac/ilp32/libg_nano.a(lib_a-puts.o) (__swbuf_r)
/home/flinux/Downloads/MounRiver_Studio_Community_Linux_x64_V170/MRS_Community/toolchain/RISC-V_Embedded_GCC/bin/../lib/gcc/riscv-none-embed/8.2.0/../../../../riscv-none-embed/lib/rv32imac/ilp32/libg_nano.a(lib_a-wsetup.o)
                              /home/flinux/Downloads/MounRiver_Studio_Community_Linux_x64_V170/MRS_Community/toolchain/RISC-V_Embedded_GCC/bin/../lib/gcc/riscv-none-embed/8.2.0/../../../../riscv-none-embed/lib/rv32imac/ilp32/libg_nano.a(lib_a-puts.o) (__swsetup_r)
/home/flinux/Downloads/MounRiver_Studio_Community_Linux_x64_V170/MRS_Community/toolchain/RISC-V_Embedded_GCC/bin/../lib/gcc/riscv-none-embed/8.2.0/../../../../riscv-none-embed/lib/rv32imac/ilp32/libg_nano.a(lib_a-fflush.o)
[...]
Memory Configuration

Name             Origin             Length             Attributes
FLASH            0x0000000000000000 0x0000000000070000 xr
RAM              0x0000000020000000 0x0000000000008000 xrw
*default*        0x0000000000000000 0xffffffffffffffff

Linker script and memory map

LOAD ./src/AHT.o
LOAD ./src/Main.o
LOAD ./src/app_i2c.o
LOAD ./StdPeriphDriver/CH58x_clk.o
LOAD ./StdPeriphDriver/CH58x_flash.o
LOAD ./StdPeriphDriver/CH58x_gpio.o
LOAD ./StdPeriphDriver/CH58x_i2c.o
LOAD ./StdPeriphDriver/CH58x_pwr.o
LOAD ./StdPeriphDriver/CH58x_spi1.o
LOAD ./StdPeriphDriver/CH58x_sys.o
LOAD ./StdPeriphDriver/CH58x_uart0.o
LOAD ./StdPeriphDriver/CH58x_uart1.o
LOAD ./StdPeriphDriver/CH58x_usb2dev.o
LOAD ./StdPeriphDriver/CH58x_usb2hostBase.o
LOAD ./StdPeriphDriver/CH58x_usb2hostClass.o
LOAD ./Startup/startup_CH583.o
LOAD ./RVMSIS/core_riscv.o
LOAD ../StdPeriphDriver/libISP583.a
LOAD /home/flinux/Downloads/MounRiver_Studio_Community_Linux_x64_V170/MRS_Community/toolchain/RISC-V_Embedded_GCC/bin/../lib/gcc/riscv-none-embed/8.2.0/rv32imac/ilp32/libgcc.a
LOAD /home/flinux/Downloads/MounRiver_Studio_Community_Linux_x64_V170/MRS_Community/toolchain/RISC-V_Embedded_GCC/bin/../lib/gcc/riscv-none-embed/8.2.0/../../../../riscv-none-embed/lib/rv32imac/ilp32/libg_nano.a
LOAD /home/flinux/Downloads/MounRiver_Studio_Community_Linux_x64_V170/MRS_Community/toolchain/RISC-V_Embedded_GCC/bin/../lib/gcc/riscv-none-embed/8.2.0/../../../../riscv-none-embed/lib/rv32imac/ilp32/libc_nano.a
LOAD /home/flinux/Downloads/MounRiver_Studio_Community_Linux_x64_V170/MRS_Community/toolchain/RISC-V_Embedded_GCC/bin/../lib/gcc/riscv-none-embed/8.2.0/rv32imac/ilp32/libgcc.a
START GROUP
LOAD /home/flinux/Downloads/MounRiver_Studio_Community_Linux_x64_V170/MRS_Community/toolchain/RISC-V_Embedded_GCC/bin/../lib/gcc/riscv-none-embed/8.2.0/rv32imac/ilp32/libgcc.a
LOAD /home/flinux/Downloads/MounRiver_Studio_Community_Linux_x64_V170/MRS_Community/toolchain/RISC-V_Embedded_GCC/bin/../lib/gcc/riscv-none-embed/8.2.0/../../../../riscv-none-embed/lib/rv32imac/ilp32/libc_nano.a
LOAD /home/flinux/Downloads/MounRiver_Studio_Community_Linux_x64_V170/MRS_Community/toolchain/RISC-V_Embedded_GCC/bin/../lib/gcc/riscv-none-embed/8.2.0/../../../../riscv-none-embed/lib/rv32imac/ilp32/libnosys.a
END GROUP
START GROUP
LOAD /home/flinux/Downloads/MounRiver_Studio_Community_Linux_x64_V170/MRS_Community/toolchain/RISC-V_Embedded_GCC/bin/../lib/gcc/riscv-none-embed/8.2.0/rv32imac/ilp32/libgcc.a
LOAD /home/flinux/Downloads/MounRiver_Studio_Community_Linux_x64_V170/MRS_Community/toolchain/RISC-V_Embedded_GCC/bin/../lib/gcc/riscv-none-embed/8.2.0/../../../../riscv-none-embed/lib/rv32imac/ilp32/libc_nano.a
LOAD /home/flinux/Downloads/MounRiver_Studio_Community_Linux_x64_V170/MRS_Community/toolchain/RISC-V_Embedded_GCC/bin/../lib/gcc/riscv-none-embed/8.2.0/../../../../riscv-none-embed/lib/rv32imac/ilp32/libnosys.a
END GROUP
                0x0000000000000200                __stack_size = 0x200
                [!provide]                        PROVIDE (_stack_size = __stack_size)

.init           0x0000000000000000        0x4
                0x0000000000000000                _sinit = .
                0x0000000000000000                . = ALIGN (0x4)
 *(SORT_NONE(.init))
 .init          0x0000000000000000        0x4 ./Startup/startup_CH583.o
                0x0000000000000000                _start
                0x0000000000000004                . = ALIGN (0x4)
                0x0000000000000004                _einit = .

.highcodelalign
                0x0000000000000004        0x0
                0x0000000000000004                . = ALIGN (0x4)
                0x0000000000000004                PROVIDE (_highcode_lma = .)

.highcode       0x0000000020000000      0xdd4 load address 0x0000000000000004
                0x0000000020000000                . = ALIGN (0x4)
                0x0000000020000000                PROVIDE (_highcode_vma_start = .)
 *(.vector)
 .vector        0x0000000020000000       0x90 ./Startup/startup_CH583.o
 *(SORT_NONE(.vector_handler))
 .vector_handler
                0x0000000020000090        0x2 ./Startup/startup_CH583.o
                0x0000000020000090                GPIOB_IRQHandler
                0x0000000020000090                GPIOA_IRQHandler
                0x0000000020000090                SysTick_Handler
                0x0000000020000090                NMI_Handler
                0x0000000020000090                UART1_IRQHandler
                0x0000000020000090                UART0_IRQHandler
                0x0000000020000090                BB_IRQHandler
                0x0000000020000090                Break_Point_Handler
                0x0000000020000090                TMR0_IRQHandler
                0x0000000020000090                Ecall_M_Mode_Handler
                0x0000000020000090                RTC_IRQHandler
                0x0000000020000090                UART2_IRQHandler
                0x0000000020000090                PWMX_IRQHandler
                0x0000000020000090                ADC_IRQHandler
                0x0000000020000090                TMR2_IRQHandler
                0x0000000020000090                USB_IRQHandler
                0x0000000020000090                USB2_IRQHandler
                0x0000000020000090                LLE_IRQHandler
                0x0000000020000090                WDOG_BAT_IRQHandler
                0x0000000020000090                Ecall_U_Mode_Handler
                0x0000000020000090                TMR3_IRQHandler
                0x0000000020000090                SW_Handler
                0x0000000020000090                SPI0_IRQHandler
                0x0000000020000090                UART3_IRQHandler
                0x0000000020000090                TMR1_IRQHandler
 *(.highcode)
 .highcode      0x0000000020000092      0x430 ./src/app_i2c.o
                0x0000000020000092                I2C_IRQHandler
 .highcode      0x00000000200004c2      0x4ec ./StdPeriphDriver/CH58x_sys.o
                0x00000000200004c2                SetSysClock
                0x0000000020000848                SYS_ResetExecute
                0x00000000200008ba                HardFault_Handler
                0x0000000020000978                mDelayuS
                0x0000000020000986                mDelaymS
 .highcode      0x00000000200009ae      0x426 ../StdPeriphDriver/libISP583.a(ISP583.o)
                0x00000000200009ae                FLASH_ROM_BEG
                0x00000000200009c0                FLASH_ROM_END
                0x00000000200009ce                FLASH_ROM_IN
                0x00000000200009dc                FLASH_ROM_OUT
                0x00000000200009ea                FLASH_ROM_ADDR
                0x0000000020000a32                FLASH_ROM_WAIT
                0x0000000020000a6a                FLASH_EEPROM_CMD
 *(.highcode.*)
                0x0000000020000dd4                . = ALIGN (0x4)
                0x0000000020000dd4                PROVIDE (_highcode_vma_end = .)

.text           0x0000000000000dd8     0x1fb8
                0x0000000000000dd8                . = ALIGN (0x4)
 *(SORT_NONE(.handle_reset))
 .handle_reset  0x0000000000000dd8       0xaa ./Startup/startup_CH583.o
                0x0000000000000dd8                handle_reset
 *(.text)
 *(.text.*)
 .text._getBusy.part.0
                0x0000000000000e82       0x22 ./src/AHT.o
 .text._setInitializationRegister
                0x0000000000000ea4       0x54 ./src/AHT.o
                0x0000000000000ea4                _setInitializationRegister
 .text.setNormalMode
                0x0000000000000ef8        0x4 ./src/AHT.o
                0x0000000000000ef8                setNormalMode
 .text._readStatusRegister
                0x0000000000000efc       0x46 ./src/AHT.o
                0x0000000000000efc                _readStatusRegister
 .text._getCalibration
                0x0000000000000f42       0x16 ./src/AHT.o
                0x0000000000000f42                _getCalibration
 .text.softReset
                0x0000000000000f58       0x38 ./src/AHT.o
                0x0000000000000f58                softReset
 .text.AHT_begin
                0x0000000000000f90       0x24 ./src/AHT.o
                0x0000000000000f90                AHT_begin
 .text._checkCRC8
                0x0000000000000fb4       0x5e ./src/AHT.o
                0x0000000000000fb4                _checkCRC8
 .text._readMeasurement
                0x0000000000001012       0x74 ./src/AHT.o
                0x0000000000001012                _readMeasurement
 .text.readTemperature
                0x0000000000001086       0x6a ./src/AHT.o
                0x0000000000001086                readTemperature
 .text.sendFloatOverUART
                0x00000000000010f0       0x34 ./src/Main.o
                0x00000000000010f0                sendFloatOverUART
 .text.startup.main
                0x0000000000001124       0xaa ./src/Main.o
                0x0000000000001124                main
 .text.i2c_app_init
                0x00000000000011ce       0x5a ./src/app_i2c.o
                0x00000000000011ce                i2c_app_init
 .text.i2c_write_to
                0x0000000000001228       0xd6 ./src/app_i2c.o
                0x0000000000001228                i2c_write_to
 .text.i2c_read_from
                0x00000000000012fe      0x102 ./src/app_i2c.o
                0x00000000000012fe                i2c_read_from
 .text.GPIOA_ModeCfg
                0x0000000000001400       0xa6 ./StdPeriphDriver/CH58x_gpio.o
                0x0000000000001400                GPIOA_ModeCfg
 .text.GPIOB_ModeCfg
                0x00000000000014a6       0xa6 ./StdPeriphDriver/CH58x_gpio.o
                0x00000000000014a6                GPIOB_ModeCfg
 .text.I2C_GenerateSTART
                0x000000000000154c       0x22 ./StdPeriphDriver/CH58x_i2c.o
                0x000000000000154c                I2C_GenerateSTART
 .text.I2C_GenerateSTOP
                0x000000000000156e       0x22 ./StdPeriphDriver/CH58x_i2c.o
                0x000000000000156e                I2C_GenerateSTOP
 .text.I2C_AcknowledgeConfig
                0x0000000000001590       0x22 ./StdPeriphDriver/CH58x_i2c.o
                0x0000000000001590                I2C_AcknowledgeConfig
 .text.I2C_ITConfig
                0x00000000000015b2       0x1e ./StdPeriphDriver/CH58x_i2c.o
                0x00000000000015b2                I2C_ITConfig
 .text.I2C_SendData
                0x00000000000015d0        0xa ./StdPeriphDriver/CH58x_i2c.o
                0x00000000000015d0                I2C_SendData
 .text.I2C_ReceiveData
                0x00000000000015da        0xe ./StdPeriphDriver/CH58x_i2c.o
                0x00000000000015da                I2C_ReceiveData
 .text.I2C_SoftwareResetCmd
                0x00000000000015e8       0x1a ./StdPeriphDriver/CH58x_i2c.o
                0x00000000000015e8                I2C_SoftwareResetCmd
 .text.I2C_Init
                0x0000000000001602      0x156 ./StdPeriphDriver/CH58x_i2c.o
                0x0000000000001602                I2C_Init
 .text.I2C_GetLastEvent
                0x0000000000001758       0x16 ./StdPeriphDriver/CH58x_i2c.o
                0x0000000000001758                I2C_GetLastEvent
 .text.I2C_ClearFlag
                0x000000000000176e       0x12 ./StdPeriphDriver/CH58x_i2c.o
                0x000000000000176e                I2C_ClearFlag
 .text.GetSysClock
                0x0000000000001780       0x42 ./StdPeriphDriver/CH58x_sys.o
                0x0000000000001780                GetSysClock
 .text._sbrk    0x00000000000017c2       0x30 ./StdPeriphDriver/CH58x_sys.o
                0x00000000000017c2                _sbrk
 .text.UART1_BaudRateCfg
                0x00000000000017f2       0x30 ./StdPeriphDriver/CH58x_uart1.o
                0x00000000000017f2                UART1_BaudRateCfg
 .text.UART1_DefInit
                0x0000000000001822       0x32 ./StdPeriphDriver/CH58x_uart1.o
                0x0000000000001822                UART1_DefInit
 .text.UART1_SendString
                0x0000000000001854       0x28 ./StdPeriphDriver/CH58x_uart1.o
                0x0000000000001854                UART1_SendString
 .text.__mulsf3
                0x000000000000187c      0x290 /home/flinux/Downloads/MounRiver_Studio_Community_Linux_x64_V170/MRS_Community/toolchain/RISC-V_Embedded_GCC/bin/../lib/gcc/riscv-none-embed/8.2.0/rv32imac/ilp32/libgcc.a(mulsf3.o)
                0x000000000000187c                __mulsf3
 .text.__subsf3
                0x0000000000001b0c      0x388 /home/flinux/Downloads/MounRiver_Studio_Community_Linux_x64_V170/MRS_Community/toolchain/RISC-V_Embedded_GCC/bin/../lib/gcc/riscv-none-embed/8.2.0/rv32imac/ilp32/libgcc.a(subsf3.o)
                0x0000000000001b0c                __subsf3
 .text.__floatunsisf
                0x0000000000001e94       0xce /home/flinux/Downloads/MounRiver_Studio_Community_Linux_x64_V170/MRS_Community/toolchain/RISC-V_Embedded_GCC/bin/../lib/gcc/riscv-none-embed/8.2.0/rv32imac/ilp32/libgcc.a(floatunsisf.o)
                0x0000000000001e94                __floatunsisf
 .text.__extendsfdf2
                0x0000000000001f62       0xac /home/flinux/Downloads/MounRiver_Studio_Community_Linux_x64_V170/MRS_Community/toolchain/RISC-V_Embedded_GCC/bin/../lib/gcc/riscv-none-embed/8.2.0/rv32imac/ilp32/libgcc.a(extendsfdf2.o)
                0x0000000000001f62                __extendsfdf2
 .text.__clzsi2
                0x000000000000200e       0x76 /home/flinux/Downloads/MounRiver_Studio_Community_Linux_x64_V170/MRS_Community/toolchain/RISC-V_Embedded_GCC/bin/../lib/gcc/riscv-none-embed/8.2.0/rv32imac/ilp32/libgcc.a(_clzsi2.o)
                0x000000000000200e                __clzsi2
 .text.memcpy   0x0000000000002084       0xb6 /home/flinux/Downloads/MounRiver_Studio_Community_Linux_x64_V170/MRS_Community/toolchain/RISC-V_Embedded_GCC/bin/../lib/gcc/riscv-none-embed/8.2.0/../../../../riscv-none-embed/lib/rv32imac/ilp32/libg_nano.a(lib_a-memcpy.o)
                0x0000000000002084                memcpy
 .text.snprintf
                0x000000000000213a       0x72 /home/flinux/Downloads/MounRiver_Studio_Community_Linux_x64_V170/MRS_Community/toolchain/RISC-V_Embedded_GCC/bin/../lib/gcc/riscv-none-embed/8.2.0/../../../../riscv-none-embed/lib/rv32imac/ilp32/libg_nano.a(lib_a-snprintf.o)
                0x000000000000213a                snprintf
                0x000000000000213a                sniprintf
 .text.strlen   0x00000000000021ac       0x12 /home/flinux/Downloads/MounRiver_Studio_Community_Linux_x64_V170/MRS_Community/toolchain/RISC-V_Embedded_GCC/bin/../lib/gcc/riscv-none-embed/8.2.0/../../../../riscv-none-embed/lib/rv32imac/ilp32/libg_nano.a(lib_a-strlen.o)
                0x00000000000021ac                strlen
 .text._free_r  0x00000000000021be       0xa8 /home/flinux/Downloads/MounRiver_Studio_Community_Linux_x64_V170/MRS_Community/toolchain/RISC-V_Embedded_GCC/bin/../lib/gcc/riscv-none-embed/8.2.0/../../../../riscv-none-embed/lib/rv32imac/ilp32/libg_nano.a(lib_a-nano-freer.o)
                0x00000000000021be                _free_r
 .text._malloc_r
                0x0000000000002266       0xd8 /home/flinux/Downloads/MounRiver_Studio_Community_Linux_x64_V170/MRS_Community/toolchain/RISC-V_Embedded_GCC/bin/../lib/gcc/riscv-none-embed/8.2.0/../../../../riscv-none-embed/lib/rv32imac/ilp32/libg_nano.a(lib_a-nano-mallocr.o)
                0x0000000000002266                _malloc_r
 .text.__ssputs_r
                0x000000000000233e       0xe4 /home/flinux/Downloads/MounRiver_Studio_Community_Linux_x64_V170/MRS_Community/toolchain/RISC-V_Embedded_GCC/bin/../lib/gcc/riscv-none-embed/8.2.0/../../../../riscv-none-embed/lib/rv32imac/ilp32/libg_nano.a(lib_a-nano-svfprintf.o)
                0x000000000000233e                __ssputs_r
 .text._svfprintf_r
                0x0000000000002422      0x276 /home/flinux/Downloads/MounRiver_Studio_Community_Linux_x64_V170/MRS_Community/toolchain/RISC-V_Embedded_GCC/bin/../lib/gcc/riscv-none-embed/8.2.0/../../../../riscv-none-embed/lib/rv32imac/ilp32/libg_nano.a(lib_a-nano-svfprintf.o)
                0x0000000000002422                _svfprintf_r
                0x0000000000002422                _svfiprintf_r
 .text._printf_common
                0x0000000000002698      0x10c /home/flinux/Downloads/MounRiver_Studio_Community_Linux_x64_V170/MRS_Community/toolchain/RISC-V_Embedded_GCC/bin/../lib/gcc/riscv-none-embed/8.2.0/../../../../riscv-none-embed/lib/rv32imac/ilp32/libg_nano.a(lib_a-nano-vfprintf_i.o)
                0x0000000000002698                _printf_common
 .text._printf_i
                0x00000000000027a4      0x2a8 /home/flinux/Downloads/MounRiver_Studio_Community_Linux_x64_V170/MRS_Community/toolchain/RISC-V_Embedded_GCC/bin/../lib/gcc/riscv-none-embed/8.2.0/../../../../riscv-none-embed/lib/rv32imac/ilp32/libg_nano.a(lib_a-nano-vfprintf_i.o)
                0x00000000000027a4                _printf_i
 .text._sbrk_r  0x0000000000002a4c       0x2a /home/flinux/Downloads/MounRiver_Studio_Community_Linux_x64_V170/MRS_Community/toolchain/RISC-V_Embedded_GCC/bin/../lib/gcc/riscv-none-embed/8.2.0/../../../../riscv-none-embed/lib/rv32imac/ilp32/libg_nano.a(lib_a-sbrkr.o)
                0x0000000000002a4c                _sbrk_r
 .text.memchr   0x0000000000002a76       0x1a /home/flinux/Downloads/MounRiver_Studio_Community_Linux_x64_V170/MRS_Community/toolchain/RISC-V_Embedded_GCC/bin/../lib/gcc/riscv-none-embed/8.2.0/../../../../riscv-none-embed/lib/rv32imac/ilp32/libg_nano.a(lib_a-memchr.o)
                0x0000000000002a76                memchr
 .text.memmove  0x0000000000002a90       0x4a /home/flinux/Downloads/MounRiver_Studio_Community_Linux_x64_V170/MRS_Community/toolchain/RISC-V_Embedded_GCC/bin/../lib/gcc/riscv-none-embed/8.2.0/../../../../riscv-none-embed/lib/rv32imac/ilp32/libg_nano.a(lib_a-memmove.o)
                0x0000000000002a90                memmove
 .text.__malloc_lock
                0x0000000000002ada        0x2 /home/flinux/Downloads/MounRiver_Studio_Community_Linux_x64_V170/MRS_Community/toolchain/RISC-V_Embedded_GCC/bin/../lib/gcc/riscv-none-embed/8.2.0/../../../../riscv-none-embed/lib/rv32imac/ilp32/libg_nano.a(lib_a-mlock.o)
                0x0000000000002ada                __malloc_lock
 .text.__malloc_unlock
                0x0000000000002adc        0x2 /home/flinux/Downloads/MounRiver_Studio_Community_Linux_x64_V170/MRS_Community/toolchain/RISC-V_Embedded_GCC/bin/../lib/gcc/riscv-none-embed/8.2.0/../../../../riscv-none-embed/lib/rv32imac/ilp32/libg_nano.a(lib_a-mlock.o)
                0x0000000000002adc                __malloc_unlock
 .text._realloc_r
                0x0000000000002ade       0x58 /home/flinux/Downloads/MounRiver_Studio_Community_Linux_x64_V170/MRS_Community/toolchain/RISC-V_Embedded_GCC/bin/../lib/gcc/riscv-none-embed/8.2.0/../../../../riscv-none-embed/lib/rv32imac/ilp32/libg_nano.a(lib_a-nano-reallocr.o)
                0x0000000000002ade                _realloc_r
 .text._malloc_usable_size_r
                0x0000000000002b36       0x14 /home/flinux/Downloads/MounRiver_Studio_Community_Linux_x64_V170/MRS_Community/toolchain/RISC-V_Embedded_GCC/bin/../lib/gcc/riscv-none-embed/8.2.0/../../../../riscv-none-embed/lib/rv32imac/ilp32/libg_nano.a(lib_a-nano-msizer.o)
                0x0000000000002b36                _malloc_usable_size_r
 *(.rodata)
 *(.rodata*)
 *fill*         0x0000000000002b4a        0x2 
 .rodata.readHumidity.cst4
                0x0000000000002b4c        0xc ./src/AHT.o
 .rodata.readTemperature.cst4
                0x0000000000002b58        0x8 ./src/AHT.o
 .rodata.main.str1.4
                0x0000000000002b60       0x22 ./src/Main.o
 *fill*         0x0000000000002b82        0x2 
 .rodata.sendFloatOverUART.str1.4
                0x0000000000002b84        0x5 ./src/Main.o
 *fill*         0x0000000000002b89        0x3 
 .rodata.GPIOA_ModeCfg
                0x0000000000002b8c       0x14 ./StdPeriphDriver/CH58x_gpio.o
 .rodata.GPIOB_ModeCfg
                0x0000000000002ba0       0x14 ./StdPeriphDriver/CH58x_gpio.o
 .rodata.__mulsf3
                0x0000000000002bb4       0x40 /home/flinux/Downloads/MounRiver_Studio_Community_Linux_x64_V170/MRS_Community/toolchain/RISC-V_Embedded_GCC/bin/../lib/gcc/riscv-none-embed/8.2.0/rv32imac/ilp32/libgcc.a(mulsf3.o)
 .rodata.__clz_tab
                0x0000000000002bf4      0x100 /home/flinux/Downloads/MounRiver_Studio_Community_Linux_x64_V170/MRS_Community/toolchain/RISC-V_Embedded_GCC/bin/../lib/gcc/riscv-none-embed/8.2.0/rv32imac/ilp32/libgcc.a(_clz.o)
                0x0000000000002bf4                __clz_tab
 .rodata.__sf_fake_stderr
                0x0000000000002cf4       0x20 /home/flinux/Downloads/MounRiver_Studio_Community_Linux_x64_V170/MRS_Community/toolchain/RISC-V_Embedded_GCC/bin/../lib/gcc/riscv-none-embed/8.2.0/../../../../riscv-none-embed/lib/rv32imac/ilp32/libg_nano.a(lib_a-findfp.o)
                0x0000000000002cf4                __sf_fake_stderr
 .rodata.__sf_fake_stdin
                0x0000000000002d14       0x20 /home/flinux/Downloads/MounRiver_Studio_Community_Linux_x64_V170/MRS_Community/toolchain/RISC-V_Embedded_GCC/bin/../lib/gcc/riscv-none-embed/8.2.0/../../../../riscv-none-embed/lib/rv32imac/ilp32/libg_nano.a(lib_a-findfp.o)
                0x0000000000002d14                __sf_fake_stdin
 .rodata.__sf_fake_stdout
                0x0000000000002d34       0x20 /home/flinux/Downloads/MounRiver_Studio_Community_Linux_x64_V170/MRS_Community/toolchain/RISC-V_Embedded_GCC/bin/../lib/gcc/riscv-none-embed/8.2.0/../../../../riscv-none-embed/lib/rv32imac/ilp32/libg_nano.a(lib_a-findfp.o)
                0x0000000000002d34                __sf_fake_stdout
 .rodata._svfprintf_r.str1.4
                0x0000000000002d54       0x13 /home/flinux/Downloads/MounRiver_Studio_Community_Linux_x64_V170/MRS_Community/toolchain/RISC-V_Embedded_GCC/bin/../lib/gcc/riscv-none-embed/8.2.0/../../../../riscv-none-embed/lib/rv32imac/ilp32/libg_nano.a(lib_a-nano-svfprintf.o)
 *fill*         0x0000000000002d67        0x1 
 .rodata._printf_i.str1.4
                0x0000000000002d68       0x28 /home/flinux/Downloads/MounRiver_Studio_Community_Linux_x64_V170/MRS_Community/toolchain/RISC-V_Embedded_GCC/bin/../lib/gcc/riscv-none-embed/8.2.0/../../../../riscv-none-embed/lib/rv32imac/ilp32/libg_nano.a(lib_a-nano-vfprintf_i.o)
                                         0x25 (size before relaxing)
 *(.sdata2.*)
 *(.glue_7)
 *(.glue_7t)
 *(.gnu.linkonce.t.*)
                0x0000000000002d90                . = ALIGN (0x4)

.rela.dyn       0x0000000000002d90        0x0
 .rela.text._sbrk
                0x0000000000002d90        0x0 ./src/AHT.o
 .rela.sdata.curbrk.4072
                0x0000000000002d90        0x0 ./src/AHT.o
 .rela.init     0x0000000000002d90        0x0 ./src/AHT.o
 .rela.vector   0x0000000000002d90        0x0 ./src/AHT.o
 .rela.handle_reset
                0x0000000000002d90        0x0 ./src/AHT.o
 .rela.text._svfprintf_r
                0x0000000000002d90        0x0 ./src/AHT.o
 .rela.text._sbrk_r
                0x0000000000002d90        0x0 ./src/AHT.o

.fini           0x0000000000002d90        0x0
 *(SORT_NONE(.fini))
                0x0000000000002d90                . = ALIGN (0x4)
                [!provide]                        PROVIDE (_etext = .)
                [!provide]                        PROVIDE (_eitcm = .)

.preinit_array  0x0000000000002d90        0x0
                [!provide]                        PROVIDE (__preinit_array_start = .)
 *(.preinit_array)
                [!provide]                        PROVIDE (__preinit_array_end = .)

.init_array     0x0000000000002d90        0x0
                [!provide]                        PROVIDE (__init_array_start = .)
 *(SORT_BY_INIT_PRIORITY(.init_array.*) SORT_BY_INIT_PRIORITY(.ctors.*))
 *(.init_array EXCLUDE_FILE(*crtend?.o *crtend.o *crtbegin?.o *crtbegin.o) .ctors)
                [!provide]                        PROVIDE (__init_array_end = .)

.fini_array     0x0000000000002d90        0x0
                [!provide]                        PROVIDE (__fini_array_start = .)
 *(SORT_BY_INIT_PRIORITY(.fini_array.*) SORT_BY_INIT_PRIORITY(.dtors.*))
 *(.fini_array EXCLUDE_FILE(*crtend?.o *crtend.o *crtbegin?.o *crtbegin.o) .dtors)
                [!provide]                        PROVIDE (__fini_array_end = .)

.ctors
 *crtbegin.o(.ctors)
 *crtbegin?.o(.ctors)
 *(EXCLUDE_FILE(*crtend?.o *crtend.o) .ctors)
 *(SORT_BY_NAME(.ctors.*))
 *(.ctors)

.dtors
 *crtbegin.o(.dtors)
 *crtbegin?.o(.dtors)
 *(EXCLUDE_FILE(*crtend?.o *crtend.o) .dtors)
 *(SORT_BY_NAME(.dtors.*))
 *(.dtors)

.dalign         0x0000000020000dd4        0x0 load address 0x0000000000002d90
                0x0000000020000dd4                . = (ORIGIN (RAM) + SIZEOF (.highcode))

.dlalign        0x0000000000002d90        0x0
                0x0000000000002d90                . = ALIGN (0x4)
                0x0000000000002d90                PROVIDE (_data_lma = .)

.data           0x0000000020000dd4       0x6c load address 0x0000000000002d90
                0x0000000020000dd4                . = ALIGN (0x4)
                0x0000000020000dd4                PROVIDE (_data_vma = .)
 *(.gnu.linkonce.r.*)
 *(.data .data.*)
 .data.impure_data
                0x0000000020000dd4       0x60 /home/flinux/Downloads/MounRiver_Studio_Community_Linux_x64_V170/MRS_Community/toolchain/RISC-V_Embedded_GCC/bin/../lib/gcc/riscv-none-embed/8.2.0/../../../../riscv-none-embed/lib/rv32imac/ilp32/libg_nano.a(lib_a-impure.o)
 *(.gnu.linkonce.d.*)
                0x0000000020000e38                . = ALIGN (0x8)
 *fill*         0x0000000020000e34        0x4 
                0x0000000020001638                PROVIDE (__global_pointer$ = (. + 0x800))
 *(.sdata .sdata.*)
 .sdata.curbrk.4072
                0x0000000020000e38        0x4 ./StdPeriphDriver/CH58x_sys.o
 .sdata._impure_ptr
                0x0000000020000e3c        0x4 /home/flinux/Downloads/MounRiver_Studio_Community_Linux_x64_V170/MRS_Community/toolchain/RISC-V_Embedded_GCC/bin/../lib/gcc/riscv-none-embed/8.2.0/../../../../riscv-none-embed/lib/rv32imac/ilp32/libg_nano.a(lib_a-impure.o)
                0x0000000020000e3c                _impure_ptr
 *(.gnu.linkonce.s.*)
                0x0000000020000e40                . = ALIGN (0x8)
 *(.srodata.cst16)
 *(.srodata.cst8)
 *(.srodata.cst4)
 *(.srodata.cst2)
 *(.srodata .srodata.*)
                0x0000000020000e40                . = ALIGN (0x4)
                0x0000000020000e40                PROVIDE (_edata = .)

.bss            0x0000000020000e40       0x90 load address 0x0000000000002dfc
                0x0000000020000e40                . = ALIGN (0x4)
                0x0000000020000e40                PROVIDE (_sbss = .)
 *(.sbss*)
 .sbss._address
                0x0000000020000e40        0x1 ./src/AHT.o
 *fill*         0x0000000020000e41        0x3 
 .sbss._rawData
                0x0000000020000e44        0x7 ./src/AHT.o
 *fill*         0x0000000020000e4b        0x1 
 .sbss._sensorType
                0x0000000020000e4c        0x4 ./src/AHT.o
 .sbss._status  0x0000000020000e50        0x1 ./src/AHT.o
 .sbss.i2c_error
                0x0000000020000e51        0x1 ./src/app_i2c.o
 .sbss.i2c_in_repstart
                0x0000000020000e52        0x1 ./src/app_i2c.o
 .sbss.i2c_master_buffer_index
                0x0000000020000e53        0x1 ./src/app_i2c.o
 .sbss.i2c_master_buffer_length
                0x0000000020000e54        0x1 ./src/app_i2c.o
 .sbss.i2c_send_stop
                0x0000000020000e55        0x1 ./src/app_i2c.o
 .sbss.i2c_slave_addr_rw
                0x0000000020000e56        0x1 ./src/app_i2c.o
 .sbss.i2c_slave_rxbuffer_index
                0x0000000020000e57        0x1 ./src/app_i2c.o
 .sbss.i2c_slave_txbuffer_index
                0x0000000020000e58        0x1 ./src/app_i2c.o
 .sbss.i2c_slave_txbuffer_length
                0x0000000020000e59        0x1 ./src/app_i2c.o
 .sbss.i2c_state
                0x0000000020000e5a        0x1 ./src/app_i2c.o
 .sbss.is_nack_sent
                0x0000000020000e5b        0x1 ./src/app_i2c.o
 .sbss.slave_cb
                0x0000000020000e5c        0x4 ./src/app_i2c.o
 .sbss.IRQ_STA  0x0000000020000e60        0x4 ./StdPeriphDriver/CH58x_sys.o
                0x0000000020000e60                IRQ_STA
 .sbss.__malloc_free_list
                0x0000000020000e64        0x4 /home/flinux/Downloads/MounRiver_Studio_Community_Linux_x64_V170/MRS_Community/toolchain/RISC-V_Embedded_GCC/bin/../lib/gcc/riscv-none-embed/8.2.0/../../../../riscv-none-embed/lib/rv32imac/ilp32/libg_nano.a(lib_a-nano-mallocr.o)
                0x0000000020000e64                __malloc_free_list
 .sbss.__malloc_sbrk_start
                0x0000000020000e68        0x4 /home/flinux/Downloads/MounRiver_Studio_Community_Linux_x64_V170/MRS_Community/toolchain/RISC-V_Embedded_GCC/bin/../lib/gcc/riscv-none-embed/8.2.0/../../../../riscv-none-embed/lib/rv32imac/ilp32/libg_nano.a(lib_a-nano-mallocr.o)
                0x0000000020000e68                __malloc_sbrk_start
 *(.gnu.linkonce.sb.*)
 *(.bss*)
 .bss.i2c_master_buffer
                0x0000000020000e6c       0x20 ./src/app_i2c.o
 .bss.i2c_slave_rxbuffer
                0x0000000020000e8c       0x20 ./src/app_i2c.o
 .bss.i2c_slave_txbuffer
                0x0000000020000eac       0x20 ./src/app_i2c.o
 *(.gnu.linkonce.b.*)
 *(COMMON*)
 COMMON         0x0000000020000ecc        0x4 /home/flinux/Downloads/MounRiver_Studio_Community_Linux_x64_V170/MRS_Community/toolchain/RISC-V_Embedded_GCC/bin/../lib/gcc/riscv-none-embed/8.2.0/../../../../riscv-none-embed/lib/rv32imac/ilp32/libg_nano.a(lib_a-reent.o)
                0x0000000020000ecc                errno
                0x0000000020000ed0                . = ALIGN (0x4)
                0x0000000020000ed0                PROVIDE (_ebss = .)
                0x0000000020000ed0                PROVIDE (_end = _ebss)
                [!provide]                        PROVIDE (end = .)

.stack          0x0000000020007e00      0x200
                0x0000000020007e00                PROVIDE (_heap_end = .)
                0x0000000020007e00                . = ALIGN (0x4)
                [!provide]                        PROVIDE (_susrstack = .)
                0x0000000020008000                . = (. + __stack_size)
 *fill*         0x0000000020007e00      0x200 
                0x0000000020008000                PROVIDE (_eusrstack = .)
OUTPUT(binmy_code_new.elf elf32-littleriscv)

.debug_info     0x0000000000000000     0x85ba
 .debug_info    0x0000000000000000      0xfdc ./src/AHT.o
 .debug_info    0x0000000000000fdc     0x1067 ./src/Main.o
 .debug_info    0x0000000000002043     0x1a6b ./src/app_i2c.o
 .debug_info    0x0000000000003aae      0xe73 ./StdPeriphDriver/CH58x_gpio.o
 .debug_info    0x0000000000004921     0x13ca ./StdPeriphDriver/CH58x_i2c.o
 .debug_info    0x0000000000005ceb     0x1a62 ./StdPeriphDriver/CH58x_sys.o
 .debug_info    0x000000000000774d      0xe4b ./StdPeriphDriver/CH58x_uart1.o
 .debug_info    0x0000000000008598       0x22 ./Startup/startup_CH583.o

.debug_abbrev   0x0000000000000000     0x17e9
 .debug_abbrev  0x0000000000000000      0x45a ./src/AHT.o
 .debug_abbrev  0x000000000000045a      0x2c8 ./src/Main.o
 .debug_abbrev  0x0000000000000722      0x38d ./src/app_i2c.o
 .debug_abbrev  0x0000000000000aaf      0x268 ./StdPeriphDriver/CH58x_gpio.o
 .debug_abbrev  0x0000000000000d17      0x3c2 ./StdPeriphDriver/CH58x_i2c.o
 .debug_abbrev  0x00000000000010d9      0x454 ./StdPeriphDriver/CH58x_sys.o
 .debug_abbrev  0x000000000000152d      0x2aa ./StdPeriphDriver/CH58x_uart1.o
 .debug_abbrev  0x00000000000017d7       0x12 ./Startup/startup_CH583.o

.debug_loc      0x0000000000000000     0x17d6
 .debug_loc     0x0000000000000000      0x1d5 ./src/AHT.o
 .debug_loc     0x00000000000001d5       0x23 ./src/Main.o
 .debug_loc     0x00000000000001f8      0x406 ./src/app_i2c.o
 .debug_loc     0x00000000000005fe      0x361 ./StdPeriphDriver/CH58x_gpio.o
 .debug_loc     0x000000000000095f      0x5b8 ./StdPeriphDriver/CH58x_i2c.o
 .debug_loc     0x0000000000000f17      0x6d2 ./StdPeriphDriver/CH58x_sys.o
 .debug_loc     0x00000000000015e9      0x1ed ./StdPeriphDriver/CH58x_uart1.o

.debug_aranges  0x0000000000000000      0x358
 .debug_aranges
                0x0000000000000000       0x98 ./src/AHT.o
 .debug_aranges
                0x0000000000000098       0x38 ./src/Main.o
 .debug_aranges
                0x00000000000000d0       0x48 ./src/app_i2c.o
 .debug_aranges
                0x0000000000000118       0x48 ./StdPeriphDriver/CH58x_gpio.o
 .debug_aranges
                0x0000000000000160       0xe8 ./StdPeriphDriver/CH58x_i2c.o
 .debug_aranges
                0x0000000000000248       0x90 ./StdPeriphDriver/CH58x_sys.o
 .debug_aranges
                0x00000000000002d8       0x50 ./StdPeriphDriver/CH58x_uart1.o
 .debug_aranges
                0x0000000000000328       0x30 ./Startup/startup_CH583.o

.debug_ranges   0x0000000000000000      0x3c0
 .debug_ranges  0x0000000000000000       0xd8 ./src/AHT.o
 .debug_ranges  0x00000000000000d8       0x28 ./src/Main.o
 .debug_ranges  0x0000000000000100       0x50 ./src/app_i2c.o
 .debug_ranges  0x0000000000000150       0x38 ./StdPeriphDriver/CH58x_gpio.o
 .debug_ranges  0x0000000000000188      0x120 ./StdPeriphDriver/CH58x_i2c.o
 .debug_ranges  0x00000000000002a8       0xb0 ./StdPeriphDriver/CH58x_sys.o
 .debug_ranges  0x0000000000000358       0x40 ./StdPeriphDriver/CH58x_uart1.o
 .debug_ranges  0x0000000000000398       0x28 ./Startup/startup_CH583.o

.debug_line     0x0000000000000000     0x5aab
 .debug_line    0x0000000000000000      0xa72 ./src/AHT.o
 .debug_line    0x0000000000000a72      0x597 ./src/Main.o
 .debug_line    0x0000000000001009     0x1210 ./src/app_i2c.o
 .debug_line    0x0000000000002219      0x7a6 ./StdPeriphDriver/CH58x_gpio.o
 .debug_line    0x00000000000029bf      0xf85 ./StdPeriphDriver/CH58x_i2c.o
 .debug_line    0x0000000000003944     0x1a42 ./StdPeriphDriver/CH58x_sys.o
 .debug_line    0x0000000000005386      0x5da ./StdPeriphDriver/CH58x_uart1.o
 .debug_line    0x0000000000005960      0x14b ./Startup/startup_CH583.o

.debug_str      0x0000000000000000     0x180c
 .debug_str     0x0000000000000000      0x6d3 ./src/AHT.o
                                        0x761 (size before relaxing)
 .debug_str     0x00000000000006d3      0x50f ./src/Main.o
                                        0xb04 (size before relaxing)
 .debug_str     0x0000000000000be2      0x59d ./src/app_i2c.o
                                        0xec7 (size before relaxing)
 .debug_str     0x000000000000117f       0xe9 ./StdPeriphDriver/CH58x_gpio.o
                                        0x9db (size before relaxing)
 .debug_str     0x0000000000001268      0x2ed ./StdPeriphDriver/CH58x_i2c.o
                                        0xcdc (size before relaxing)
 .debug_str     0x0000000000001555      0x1c4 ./StdPeriphDriver/CH58x_sys.o
                                        0xc9f (size before relaxing)
 .debug_str     0x0000000000001719       0xcc ./StdPeriphDriver/CH58x_uart1.o
                                        0x980 (size before relaxing)
 .debug_str     0x00000000000017e5       0x27 ./Startup/startup_CH583.o
                                         0x62 (size before relaxing)

.comment        0x0000000000000000       0x66
 .comment       0x0000000000000000       0x33 ./src/AHT.o
                                         0x34 (size before relaxing)
 .comment       0x0000000000000033       0x34 ./src/Main.o
 .comment       0x0000000000000033       0x34 ./src/app_i2c.o
 .comment       0x0000000000000033       0x34 ./StdPeriphDriver/CH58x_gpio.o
 .comment       0x0000000000000033       0x34 ./StdPeriphDriver/CH58x_i2c.o
 .comment       0x0000000000000033       0x34 ./StdPeriphDriver/CH58x_sys.o
 .comment       0x0000000000000033       0x34 ./StdPeriphDriver/CH58x_uart1.o
 .comment       0x0000000000000033       0x33 ../StdPeriphDriver/libISP583.a(ISP583.o)
                                         0x34 (size before relaxing)

.debug_frame    0x0000000000000000      0xdd4
 .debug_frame   0x0000000000000000      0x1a4 ./src/AHT.o
 .debug_frame   0x00000000000001a4       0x84 ./src/Main.o
 .debug_frame   0x0000000000000228      0x114 ./src/app_i2c.o
 .debug_frame   0x000000000000033c       0x70 ./StdPeriphDriver/CH58x_gpio.o
 .debug_frame   0x00000000000003ac      0x1fc ./StdPeriphDriver/CH58x_i2c.o
 .debug_frame   0x00000000000005a8      0x124 ./StdPeriphDriver/CH58x_sys.o
 .debug_frame   0x00000000000006cc       0x9c ./StdPeriphDriver/CH58x_uart1.o
 .debug_frame   0x0000000000000768       0x50 /home/flinux/Downloads/MounRiver_Studio_Community_Linux_x64_V170/MRS_Community/toolchain/RISC-V_Embedded_GCC/bin/../lib/gcc/riscv-none-embed/8.2.0/rv32imac/ilp32/libgcc.a(mulsf3.o)
 .debug_frame   0x00000000000007b8       0x3c /home/flinux/Downloads/MounRiver_Studio_Community_Linux_x64_V170/MRS_Community/toolchain/RISC-V_Embedded_GCC/bin/../lib/gcc/riscv-none-embed/8.2.0/rv32imac/ilp32/libgcc.a(subsf3.o)
 .debug_frame   0x00000000000007f4       0x44 /home/flinux/Downloads/MounRiver_Studio_Community_Linux_x64_V170/MRS_Community/toolchain/RISC-V_Embedded_GCC/bin/../lib/gcc/riscv-none-embed/8.2.0/rv32imac/ilp32/libgcc.a(floatunsisf.o)
 .debug_frame   0x0000000000000838       0x38 /home/flinux/Downloads/MounRiver_Studio_Community_Linux_x64_V170/MRS_Community/toolchain/RISC-V_Embedded_GCC/bin/../lib/gcc/riscv-none-embed/8.2.0/rv32imac/ilp32/libgcc.a(extendsfdf2.o)
 .debug_frame   0x0000000000000870       0x20 /home/flinux/Downloads/MounRiver_Studio_Community_Linux_x64_V170/MRS_Community/toolchain/RISC-V_Embedded_GCC/bin/../lib/gcc/riscv-none-embed/8.2.0/rv32imac/ilp32/libgcc.a(_clzsi2.o)
 .debug_frame   0x0000000000000890       0x20 /home/flinux/Downloads/MounRiver_Studio_Community_Linux_x64_V170/MRS_Community/toolchain/RISC-V_Embedded_GCC/bin/../lib/gcc/riscv-none-embed/8.2.0/../../../../riscv-none-embed/lib/rv32imac/ilp32/libg_nano.a(lib_a-memcpy.o)
 .debug_frame   0x00000000000008b0       0x60 /home/flinux/Downloads/MounRiver_Studio_Community_Linux_x64_V170/MRS_Community/toolchain/RISC-V_Embedded_GCC/bin/../lib/gcc/riscv-none-embed/8.2.0/../../../../riscv-none-embed/lib/rv32imac/ilp32/libg_nano.a(lib_a-snprintf.o)
 .debug_frame   0x0000000000000910       0x20 /home/flinux/Downloads/MounRiver_Studio_Community_Linux_x64_V170/MRS_Community/toolchain/RISC-V_Embedded_GCC/bin/../lib/gcc/riscv-none-embed/8.2.0/../../../../riscv-none-embed/lib/rv32imac/ilp32/libg_nano.a(lib_a-strlen.o)
 .debug_frame   0x0000000000000930      0x148 /home/flinux/Downloads/MounRiver_Studio_Community_Linux_x64_V170/MRS_Community/toolchain/RISC-V_Embedded_GCC/bin/../lib/gcc/riscv-none-embed/8.2.0/../../../../riscv-none-embed/lib/rv32imac/ilp32/libg_nano.a(lib_a-findfp.o)
 .debug_frame   0x0000000000000a78       0x40 /home/flinux/Downloads/MounRiver_Studio_Community_Linux_x64_V170/MRS_Community/toolchain/RISC-V_Embedded_GCC/bin/../lib/gcc/riscv-none-embed/8.2.0/../../../../riscv-none-embed/lib/rv32imac/ilp32/libg_nano.a(lib_a-nano-freer.o)
 .debug_frame   0x0000000000000ab8       0x40 /home/flinux/Downloads/MounRiver_Studio_Community_Linux_x64_V170/MRS_Community/toolchain/RISC-V_Embedded_GCC/bin/../lib/gcc/riscv-none-embed/8.2.0/../../../../riscv-none-embed/lib/rv32imac/ilp32/libg_nano.a(lib_a-nano-mallocr.o)
 .debug_frame   0x0000000000000af8       0xe0 /home/flinux/Downloads/MounRiver_Studio_Community_Linux_x64_V170/MRS_Community/toolchain/RISC-V_Embedded_GCC/bin/../lib/gcc/riscv-none-embed/8.2.0/../../../../riscv-none-embed/lib/rv32imac/ilp32/libg_nano.a(lib_a-nano-svfprintf.o)
 .debug_frame   0x0000000000000bd8       0x8c /home/flinux/Downloads/MounRiver_Studio_Community_Linux_x64_V170/MRS_Community/toolchain/RISC-V_Embedded_GCC/bin/../lib/gcc/riscv-none-embed/8.2.0/../../../../riscv-none-embed/lib/rv32imac/ilp32/libg_nano.a(lib_a-nano-vfprintf_i.o)
 .debug_frame   0x0000000000000c64       0x30 /home/flinux/Downloads/MounRiver_Studio_Community_Linux_x64_V170/MRS_Community/toolchain/RISC-V_Embedded_GCC/bin/../lib/gcc/riscv-none-embed/8.2.0/../../../../riscv-none-embed/lib/rv32imac/ilp32/libg_nano.a(lib_a-sbrkr.o)
 .debug_frame   0x0000000000000c94       0x20 /home/flinux/Downloads/MounRiver_Studio_Community_Linux_x64_V170/MRS_Community/toolchain/RISC-V_Embedded_GCC/bin/../lib/gcc/riscv-none-embed/8.2.0/../../../../riscv-none-embed/lib/rv32imac/ilp32/libg_nano.a(lib_a-memchr.o)
 .debug_frame   0x0000000000000cb4       0x20 /home/flinux/Downloads/MounRiver_Studio_Community_Linux_x64_V170/MRS_Community/toolchain/RISC-V_Embedded_GCC/bin/../lib/gcc/riscv-none-embed/8.2.0/../../../../riscv-none-embed/lib/rv32imac/ilp32/libg_nano.a(lib_a-memmove.o)
 .debug_frame   0x0000000000000cd4       0x30 /home/flinux/Downloads/MounRiver_Studio_Community_Linux_x64_V170/MRS_Community/toolchain/RISC-V_Embedded_GCC/bin/../lib/gcc/riscv-none-embed/8.2.0/../../../../riscv-none-embed/lib/rv32imac/ilp32/libg_nano.a(lib_a-mlock.o)
 .debug_frame   0x0000000000000d04       0x40 /home/flinux/Downloads/MounRiver_Studio_Community_Linux_x64_V170/MRS_Community/toolchain/RISC-V_Embedded_GCC/bin/../lib/gcc/riscv-none-embed/8.2.0/../../../../riscv-none-embed/lib/rv32imac/ilp32/libg_nano.a(lib_a-nano-reallocr.o)
 .debug_frame   0x0000000000000d44       0x70 /home/flinux/Downloads/MounRiver_Studio_Community_Linux_x64_V170/MRS_Community/toolchain/RISC-V_Embedded_GCC/bin/../lib/gcc/riscv-none-embed/8.2.0/../../../../riscv-none-embed/lib/rv32imac/ilp32/libg_nano.a(lib_a-reent.o)
 .debug_frame   0x0000000000000db4       0x20 /home/flinux/Downloads/MounRiver_Studio_Community_Linux_x64_V170/MRS_Community/toolchain/RISC-V_Embedded_GCC/bin/../lib/gcc/riscv-none-embed/8.2.0/../../../../riscv-none-embed/lib/rv32imac/ilp32/libg_nano.a(lib_a-nano-msizer.o)

.stabstr        0x0000000000000000      0x117
 .stabstr       0x0000000000000000      0x117 /home/flinux/Downloads/MounRiver_Studio_Community_Linux_x64_V170/MRS_Community/toolchain/RISC-V_Embedded_GCC/bin/../lib/gcc/riscv-none-embed/8.2.0/../../../../riscv-none-embed/lib/rv32imac/ilp32/libnosys.a(close.o)
