Archive member included to satisfy reference by file (symbol)

../StdPeriphDriver/libISP583.a(ISP583.o)
                              ./StdPeriphDriver/CH58x_flash.o (FLASH_EEPROM_CMD)
/home/flinux/Downloads/MounRiver_Studio_Community_Linux_x64_V170/MRS_Community/toolchain/RISC-V_Embedded_GCC/bin/../lib/gcc/riscv-none-embed/8.2.0/rv32imac/ilp32/libgcc.a(adddf3.o)
                              ./src/ntc.o (__adddf3)
/home/flinux/Downloads/MounRiver_Studio_Community_Linux_x64_V170/MRS_Community/toolchain/RISC-V_Embedded_GCC/bin/../lib/gcc/riscv-none-embed/8.2.0/rv32imac/ilp32/libgcc.a(divdf3.o)
                              ./src/ntc.o (__divdf3)
/home/flinux/Downloads/MounRiver_Studio_Community_Linux_x64_V170/MRS_Community/toolchain/RISC-V_Embedded_GCC/bin/../lib/gcc/riscv-none-embed/8.2.0/rv32imac/ilp32/libgcc.a(eqdf2.o)
                              ./src/ntc.o (__nedf2)
/home/flinux/Downloads/MounRiver_Studio_Community_Linux_x64_V170/MRS_Community/toolchain/RISC-V_Embedded_GCC/bin/../lib/gcc/riscv-none-embed/8.2.0/rv32imac/ilp32/libgcc.a(ledf2.o)
                              ./src/ntc.o (__ledf2)
/home/flinux/Downloads/MounRiver_Studio_Community_Linux_x64_V170/MRS_Community/toolchain/RISC-V_Embedded_GCC/bin/../lib/gcc/riscv-none-embed/8.2.0/rv32imac/ilp32/libgcc.a(muldf3.o)
                              ./src/ntc.o (__muldf3)
/home/flinux/Downloads/MounRiver_Studio_Community_Linux_x64_V170/MRS_Community/toolchain/RISC-V_Embedded_GCC/bin/../lib/gcc/riscv-none-embed/8.2.0/rv32imac/ilp32/libgcc.a(subdf3.o)
                              ./src/ntc.o (__subdf3)
/home/flinux/Downloads/MounRiver_Studio_Community_Linux_x64_V170/MRS_Community/toolchain/RISC-V_Embedded_GCC/bin/../lib/gcc/riscv-none-embed/8.2.0/rv32imac/ilp32/libgcc.a(fixunsdfsi.o)
                              ./src/ntc.o (__fixunsdfsi)
/home/flinux/Downloads/MounRiver_Studio_Community_Linux_x64_V170/MRS_Community/toolchain/RISC-V_Embedded_GCC/bin/../lib/gcc/riscv-none-embed/8.2.0/rv32imac/ilp32/libgcc.a(floatunsidf.o)
                              ./src/ntc.o (__floatunsidf)
/home/flinux/Downloads/MounRiver_Studio_Community_Linux_x64_V170/MRS_Community/toolchain/RISC-V_Embedded_GCC/bin/../lib/gcc/riscv-none-embed/8.2.0/rv32imac/ilp32/libgcc.a(addsf3.o)
                              ./src/ntc.o (__addsf3)
/home/flinux/Downloads/MounRiver_Studio_Community_Linux_x64_V170/MRS_Community/toolchain/RISC-V_Embedded_GCC/bin/../lib/gcc/riscv-none-embed/8.2.0/rv32imac/ilp32/libgcc.a(divsf3.o)
                              ./src/ntc.o (__divsf3)
/home/flinux/Downloads/MounRiver_Studio_Community_Linux_x64_V170/MRS_Community/toolchain/RISC-V_Embedded_GCC/bin/../lib/gcc/riscv-none-embed/8.2.0/rv32imac/ilp32/libgcc.a(mulsf3.o)
                              ./src/ntc.o (__mulsf3)
/home/flinux/Downloads/MounRiver_Studio_Community_Linux_x64_V170/MRS_Community/toolchain/RISC-V_Embedded_GCC/bin/../lib/gcc/riscv-none-embed/8.2.0/rv32imac/ilp32/libgcc.a(subsf3.o)
                              ./src/ntc.o (__subsf3)
/home/flinux/Downloads/MounRiver_Studio_Community_Linux_x64_V170/MRS_Community/toolchain/RISC-V_Embedded_GCC/bin/../lib/gcc/riscv-none-embed/8.2.0/rv32imac/ilp32/libgcc.a(fixunssfsi.o)
                              ./src/ntc.o (__fixunssfsi)
/home/flinux/Downloads/MounRiver_Studio_Community_Linux_x64_V170/MRS_Community/toolchain/RISC-V_Embedded_GCC/bin/../lib/gcc/riscv-none-embed/8.2.0/rv32imac/ilp32/libgcc.a(floatunsisf.o)
                              ./src/ntc.o (__floatunsisf)
/home/flinux/Downloads/MounRiver_Studio_Community_Linux_x64_V170/MRS_Community/toolchain/RISC-V_Embedded_GCC/bin/../lib/gcc/riscv-none-embed/8.2.0/rv32imac/ilp32/libgcc.a(_clzsi2.o)
                              /home/flinux/Downloads/MounRiver_Studio_Community_Linux_x64_V170/MRS_Community/toolchain/RISC-V_Embedded_GCC/bin/../lib/gcc/riscv-none-embed/8.2.0/rv32imac/ilp32/libgcc.a(adddf3.o) (__clzsi2)
/home/flinux/Downloads/MounRiver_Studio_Community_Linux_x64_V170/MRS_Community/toolchain/RISC-V_Embedded_GCC/bin/../lib/gcc/riscv-none-embed/8.2.0/rv32imac/ilp32/libgcc.a(_clz.o)
                              /home/flinux/Downloads/MounRiver_Studio_Community_Linux_x64_V170/MRS_Community/toolchain/RISC-V_Embedded_GCC/bin/../lib/gcc/riscv-none-embed/8.2.0/rv32imac/ilp32/libgcc.a(_clzsi2.o) (__clz_tab)
/home/flinux/Downloads/MounRiver_Studio_Community_Linux_x64_V170/MRS_Community/toolchain/RISC-V_Embedded_GCC/bin/../lib/gcc/riscv-none-embed/8.2.0/../../../../riscv-none-embed/lib/rv32imac/ilp32/libg_nano.a(lib_a-memcpy.o)
                              ./src/app_i2c.o (memcpy)
/home/flinux/Downloads/MounRiver_Studio_Community_Linux_x64_V170/MRS_Community/toolchain/RISC-V_Embedded_GCC/bin/../lib/gcc/riscv-none-embed/8.2.0/../../../../riscv-none-embed/lib/rv32imac/ilp32/libg_nano.a(lib_a-puts.o)
                              ./StdPeriphDriver/CH58x_usb2hostBase.o (puts)
[...]
Memory Configuration

Name             Origin             Length             Attributes
FLASH            0x0000000000000000 0x0000000000070000 xr
RAM              0x0000000020000000 0x0000000000008000 xrw
*default*        0x0000000000000000 0xffffffffffffffff

Linker script and memory map

LOAD ./src/AHT.o
LOAD ./src/Main.o
LOAD ./src/app_i2c.o
LOAD ./src/ntc.o
LOAD ./StdPeriphDriver/CH58x_adc.o
LOAD ./StdPeriphDriver/CH58x_clk.o
LOAD ./StdPeriphDriver/CH58x_flash.o
LOAD ./StdPeriphDriver/CH58x_gpio.o
LOAD ./StdPeriphDriver/CH58x_i2c.o
LOAD ./StdPeriphDriver/CH58x_pwr.o
LOAD ./StdPeriphDriver/CH58x_spi1.o
LOAD ./StdPeriphDriver/CH58x_sys.o
LOAD ./StdPeriphDriver/CH58x_uart0.o
LOAD ./StdPeriphDriver/CH58x_uart1.o
LOAD ./StdPeriphDriver/CH58x_usb2dev.o
LOAD ./StdPeriphDriver/CH58x_usb2hostBase.o
LOAD ./Startup/startup_CH583.o
LOAD ./RVMSIS/core_riscv.o
LOAD ../StdPeriphDriver/libISP583.a
LOAD /home/flinux/Downloads/MounRiver_Studio_Community_Linux_x64_V170/MRS_Community/toolchain/RISC-V_Embedded_GCC/bin/../lib/gcc/riscv-none-embed/8.2.0/rv32imac/ilp32/libgcc.a
LOAD /home/flinux/Downloads/MounRiver_Studio_Community_Linux_x64_V170/MRS_Community/toolchain/RISC-V_Embedded_GCC/bin/../lib/gcc/riscv-none-embed/8.2.0/../../../../riscv-none-embed/lib/rv32imac/ilp32/libg_nano.a
LOAD /home/flinux/Downloads/MounRiver_Studio_Community_Linux_x64_V170/MRS_Community/toolchain/RISC-V_Embedded_GCC/bin/../lib/gcc/riscv-none-embed/8.2.0/../../../../riscv-none-embed/lib/rv32imac/ilp32/libc_nano.a
LOAD /home/flinux/Downloads/MounRiver_Studio_Community_Linux_x64_V170/MRS_Community/toolchain/RISC-V_Embedded_GCC/bin/../lib/gcc/riscv-none-embed/8.2.0/rv32imac/ilp32/libgcc.a
START GROUP
LOAD /home/flinux/Downloads/MounRiver_Studio_Community_Linux_x64_V170/MRS_Community/toolchain/RISC-V_Embedded_GCC/bin/../lib/gcc/riscv-none-embed/8.2.0/rv32imac/ilp32/libgcc.a
LOAD /home/flinux/Downloads/MounRiver_Studio_Community_Linux_x64_V170/MRS_Community/toolchain/RISC-V_Embedded_GCC/bin/../lib/gcc/riscv-none-embed/8.2.0/../../../../riscv-none-embed/lib/rv32imac/ilp32/libc_nano.a
LOAD /home/flinux/Downloads/MounRiver_Studio_Community_Linux_x64_V170/MRS_Community/toolchain/RISC-V_Embedded_GCC/bin/../lib/gcc/riscv-none-embed/8.2.0/../../../../riscv-none-embed/lib/rv32imac/ilp32/libnosys.a
END GROUP
START GROUP
LOAD /home/flinux/Downloads/MounRiver_Studio_Community_Linux_x64_V170/MRS_Community/toolchain/RISC-V_Embedded_GCC/bin/../lib/gcc/riscv-none-embed/8.2.0/rv32imac/ilp32/libgcc.a
LOAD /home/flinux/Downloads/MounRiver_Studio_Community_Linux_x64_V170/MRS_Community/toolchain/RISC-V_Embedded_GCC/bin/../lib/gcc/riscv-none-embed/8.2.0/../../../../riscv-none-embed/lib/rv32imac/ilp32/libc_nano.a
LOAD /home/flinux/Downloads/MounRiver_Studio_Community_Linux_x64_V170/MRS_Community/toolchain/RISC-V_Embedded_GCC/bin/../lib/gcc/riscv-none-embed/8.2.0/../../../../riscv-none-embed/lib/rv32imac/ilp32/libnosys.a
END GROUP
                0x0000000000000200                __stack_size = 0x200
                [!provide]                        PROVIDE (_stack_size = __stack_size)

.init           0x0000000000000000        0x4
                0x0000000000000000                _sinit = .
                0x0000000000000000                . = ALIGN (0x4)
 *(SORT_NONE(.init))
 .init          0x0000000000000000        0x4 ./Startup/startup_CH583.o
                0x0000000000000000                _start
                0x0000000000000004                . = ALIGN (0x4)
                0x0000000000000004                _einit = .

.highcodelalign
                0x0000000000000004        0x0
                0x0000000000000004                . = ALIGN (0x4)
                0x0000000000000004                PROVIDE (_highcode_lma = .)

.highcode       0x0000000020000000      0xec8 load address 0x0000000000000004
                0x0000000020000000                . = ALIGN (0x4)
                0x0000000020000000                PROVIDE (_highcode_vma_start = .)
 *(.vector)
 .vector        0x0000000020000000       0x90 ./Startup/startup_CH583.o
 *(SORT_NONE(.vector_handler))
 .vector_handler
                0x0000000020000090        0x2 ./Startup/startup_CH583.o
                0x0000000020000090                GPIOB_IRQHandler
                0x0000000020000090                GPIOA_IRQHandler
                0x0000000020000090                SysTick_Handler
                0x0000000020000090                NMI_Handler
                0x0000000020000090                UART1_IRQHandler
                0x0000000020000090                UART0_IRQHandler
                0x0000000020000090                BB_IRQHandler
                0x0000000020000090                Break_Point_Handler
                0x0000000020000090                TMR0_IRQHandler
                0x0000000020000090                Ecall_M_Mode_Handler
                0x0000000020000090                RTC_IRQHandler
                0x0000000020000090                UART2_IRQHandler
                0x0000000020000090                PWMX_IRQHandler
                0x0000000020000090                TMR2_IRQHandler
                0x0000000020000090                USB_IRQHandler
                0x0000000020000090                USB2_IRQHandler
                0x0000000020000090                LLE_IRQHandler
                0x0000000020000090                WDOG_BAT_IRQHandler
                0x0000000020000090                Ecall_U_Mode_Handler
                0x0000000020000090                TMR3_IRQHandler
                0x0000000020000090                SW_Handler
                0x0000000020000090                SPI0_IRQHandler
                0x0000000020000090                UART3_IRQHandler
                0x0000000020000090                TMR1_IRQHandler
 *(.highcode)
 .highcode      0x0000000020000092       0x8e ./src/Main.o
                0x0000000020000092                ADC_IRQHandler
 .highcode      0x0000000020000120      0x494 ./src/app_i2c.o
                0x0000000020000120                I2C_IRQHandler
 .highcode      0x00000000200005b4      0x4ec ./StdPeriphDriver/CH58x_sys.o
                0x00000000200005b4                SetSysClock
                0x000000002000093a                SYS_ResetExecute
                0x00000000200009ac                HardFault_Handler
                0x0000000020000a6a                mDelayuS
                0x0000000020000a78                mDelaymS
 .highcode      0x0000000020000aa0      0x426 ../StdPeriphDriver/libISP583.a(ISP583.o)
                0x0000000020000aa0                FLASH_ROM_BEG
                0x0000000020000ab2                FLASH_ROM_END
                0x0000000020000ac0                FLASH_ROM_IN
                0x0000000020000ace                FLASH_ROM_OUT
                0x0000000020000adc                FLASH_ROM_ADDR
                0x0000000020000b24                FLASH_ROM_WAIT
                0x0000000020000b5c                FLASH_EEPROM_CMD
 *(.highcode.*)
                0x0000000020000ec8                . = ALIGN (0x4)
 *fill*         0x0000000020000ec6        0x2 
                0x0000000020000ec8                PROVIDE (_highcode_vma_end = .)

.text           0x0000000000000ecc      0x49c
                0x0000000000000ecc                . = ALIGN (0x4)
 *(SORT_NONE(.handle_reset))
 .handle_reset  0x0000000000000ecc       0xb2 ./Startup/startup_CH583.o
                0x0000000000000ecc                handle_reset
 *(.text)
 *(.text.*)
 .text.button_press_led_blink
                0x0000000000000f7e       0x62 ./src/Main.o
                0x0000000000000f7e                button_press_led_blink
 .text.startup.main
                0x0000000000000fe0       0x68 ./src/Main.o
                0x0000000000000fe0                main
 .text.GPIOA_ModeCfg
                0x0000000000001048       0xa6 ./StdPeriphDriver/CH58x_gpio.o
                0x0000000000001048                GPIOA_ModeCfg
 .text.GPIOB_ModeCfg
                0x00000000000010ee       0xa6 ./StdPeriphDriver/CH58x_gpio.o
                0x00000000000010ee                GPIOB_ModeCfg
 .text.I2C_GenerateSTART
                0x0000000000001194       0x22 ./StdPeriphDriver/CH58x_i2c.o
                0x0000000000001194                I2C_GenerateSTART
 .text.I2C_GenerateSTOP
                0x00000000000011b6       0x22 ./StdPeriphDriver/CH58x_i2c.o
                0x00000000000011b6                I2C_GenerateSTOP
 .text.I2C_AcknowledgeConfig
                0x00000000000011d8       0x22 ./StdPeriphDriver/CH58x_i2c.o
                0x00000000000011d8                I2C_AcknowledgeConfig
 .text.I2C_ITConfig
                0x00000000000011fa       0x1e ./StdPeriphDriver/CH58x_i2c.o
                0x00000000000011fa                I2C_ITConfig
 .text.I2C_SendData
                0x0000000000001218        0xa ./StdPeriphDriver/CH58x_i2c.o
                0x0000000000001218                I2C_SendData
 .text.I2C_ReceiveData
                0x0000000000001222        0xe ./StdPeriphDriver/CH58x_i2c.o
                0x0000000000001222                I2C_ReceiveData
 .text.I2C_GetLastEvent
                0x0000000000001230       0x16 ./StdPeriphDriver/CH58x_i2c.o
                0x0000000000001230                I2C_GetLastEvent
 .text.I2C_ClearFlag
                0x0000000000001246       0x12 ./StdPeriphDriver/CH58x_i2c.o
                0x0000000000001246                I2C_ClearFlag
 .text.GetSysClock
                0x0000000000001258       0x42 ./StdPeriphDriver/CH58x_sys.o
                0x0000000000001258                GetSysClock
 .text.UART1_BaudRateCfg
                0x000000000000129a       0x30 ./StdPeriphDriver/CH58x_uart1.o
                0x000000000000129a                UART1_BaudRateCfg
 .text.UART1_DefInit
                0x00000000000012ca       0x32 ./StdPeriphDriver/CH58x_uart1.o
                0x00000000000012ca                UART1_DefInit
 .text.UART1_SendString
                0x00000000000012fc       0x28 ./StdPeriphDriver/CH58x_uart1.o
                0x00000000000012fc                UART1_SendString
 *(.rodata)
 *(.rodata*)
 .rodata.button_press_led_blink.str1.4
                0x0000000000001324       0x1c ./src/Main.o
                                         0x1b (size before relaxing)
 .rodata.GPIOA_ModeCfg
                0x0000000000001340       0x14 ./StdPeriphDriver/CH58x_gpio.o
 .rodata.GPIOB_ModeCfg
                0x0000000000001354       0x14 ./StdPeriphDriver/CH58x_gpio.o
 *(.sdata2.*)
 *(.glue_7)
 *(.glue_7t)
 *(.gnu.linkonce.t.*)
                0x0000000000001368                . = ALIGN (0x4)

.rela.dyn       0x0000000000001368        0x0
 .rela.init     0x0000000000001368        0x0 ./src/Main.o
 .rela.vector   0x0000000000001368        0x0 ./src/Main.o
 .rela.handle_reset
                0x0000000000001368        0x0 ./src/Main.o

.fini           0x0000000000001368        0x0
 *(SORT_NONE(.fini))
                0x0000000000001368                . = ALIGN (0x4)
                [!provide]                        PROVIDE (_etext = .)
                [!provide]                        PROVIDE (_eitcm = .)

.preinit_array  0x0000000000001368        0x0
                [!provide]                        PROVIDE (__preinit_array_start = .)
 *(.preinit_array)
                [!provide]                        PROVIDE (__preinit_array_end = .)

.init_array     0x0000000000001368        0x0
                [!provide]                        PROVIDE (__init_array_start = .)
 *(SORT_BY_INIT_PRIORITY(.init_array.*) SORT_BY_INIT_PRIORITY(.ctors.*))
 *(.init_array EXCLUDE_FILE(*crtend?.o *crtend.o *crtbegin?.o *crtbegin.o) .ctors)
                [!provide]                        PROVIDE (__init_array_end = .)

.fini_array     0x0000000000001368        0x0
                [!provide]                        PROVIDE (__fini_array_start = .)
 *(SORT_BY_INIT_PRIORITY(.fini_array.*) SORT_BY_INIT_PRIORITY(.dtors.*))
 *(.fini_array EXCLUDE_FILE(*crtend?.o *crtend.o *crtbegin?.o *crtbegin.o) .dtors)
                [!provide]                        PROVIDE (__fini_array_end = .)

.ctors
 *crtbegin.o(.ctors)
 *crtbegin?.o(.ctors)
 *(EXCLUDE_FILE(*crtend?.o *crtend.o) .ctors)
 *(SORT_BY_NAME(.ctors.*))
 *(.ctors)

.dtors
 *crtbegin.o(.dtors)
 *crtbegin?.o(.dtors)
 *(EXCLUDE_FILE(*crtend?.o *crtend.o) .dtors)
 *(SORT_BY_NAME(.dtors.*))
 *(.dtors)

.dalign         0x0000000020000ec8        0x0 load address 0x0000000000001368
                0x0000000020000ec8                . = (ORIGIN (RAM) + SIZEOF (.highcode))

.dlalign        0x0000000000001368        0x0
                0x0000000000001368                . = ALIGN (0x4)
                0x0000000000001368                PROVIDE (_data_lma = .)

.data           0x0000000020000ec8        0x0 load address 0x0000000000001368
                0x0000000020000ec8                . = ALIGN (0x4)
                0x0000000020000ec8                PROVIDE (_data_vma = .)
 *(.gnu.linkonce.r.*)
 *(.data .data.*)
 *(.gnu.linkonce.d.*)
                0x0000000020000ec8                . = ALIGN (0x8)
                0x00000000200016c8                PROVIDE (__global_pointer$ = (. + 0x800))
 *(.sdata .sdata.*)
 *(.gnu.linkonce.s.*)
                0x0000000020000ec8                . = ALIGN (0x8)
 *(.srodata.cst16)
 *(.srodata.cst8)
 *(.srodata.cst4)
 *(.srodata.cst2)
 *(.srodata .srodata.*)
                0x0000000020000ec8                . = ALIGN (0x4)
                0x0000000020000ec8                PROVIDE (_edata = .)

.bss            0x0000000020000ec8       0xc8 load address 0x0000000000001368
                0x0000000020000ec8                . = ALIGN (0x4)
                0x0000000020000ec8                PROVIDE (_sbss = .)
 *(.sbss*)
 .sbss.DMA_end  0x0000000020000ec8        0x1 ./src/Main.o
                0x0000000020000ec8                DMA_end
 .sbss.adclen   0x0000000020000ec9        0x1 ./src/Main.o
                0x0000000020000ec9                adclen
 .sbss.i2c_error
                0x0000000020000eca        0x1 ./src/app_i2c.o
 .sbss.i2c_in_repstart
                0x0000000020000ecb        0x1 ./src/app_i2c.o
 .sbss.i2c_master_buffer_index
                0x0000000020000ecc        0x1 ./src/app_i2c.o
 .sbss.i2c_master_buffer_length
                0x0000000020000ecd        0x1 ./src/app_i2c.o
 .sbss.i2c_send_stop
                0x0000000020000ece        0x1 ./src/app_i2c.o
 .sbss.i2c_slave_addr_rw
                0x0000000020000ecf        0x1 ./src/app_i2c.o
 .sbss.i2c_slave_rxbuffer_index
                0x0000000020000ed0        0x1 ./src/app_i2c.o
 .sbss.i2c_slave_txbuffer_index
                0x0000000020000ed1        0x1 ./src/app_i2c.o
 .sbss.i2c_slave_txbuffer_length
                0x0000000020000ed2        0x1 ./src/app_i2c.o
 .sbss.i2c_state
                0x0000000020000ed3        0x1 ./src/app_i2c.o
 .sbss.is_nack_sent
                0x0000000020000ed4        0x1 ./src/app_i2c.o
 *fill*         0x0000000020000ed5        0x3 
 .sbss.slave_cb
                0x0000000020000ed8        0x4 ./src/app_i2c.o
 .sbss.IRQ_STA  0x0000000020000edc        0x4 ./StdPeriphDriver/CH58x_sys.o
                0x0000000020000edc                IRQ_STA
 *(.gnu.linkonce.sb.*)
 *(.bss*)
 .bss.adcBuff   0x0000000020000ee0       0x50 ./src/Main.o
                0x0000000020000ee0                adcBuff
 .bss.i2c_master_buffer
                0x0000000020000f30       0x20 ./src/app_i2c.o
 .bss.i2c_slave_rxbuffer
                0x0000000020000f50       0x20 ./src/app_i2c.o
 .bss.i2c_slave_txbuffer
                0x0000000020000f70       0x20 ./src/app_i2c.o
 *(.gnu.linkonce.b.*)
 *(COMMON*)
                0x0000000020000f90                . = ALIGN (0x4)
                0x0000000020000f90                PROVIDE (_ebss = .)
                0x0000000020000f90                PROVIDE (_end = _ebss)
                [!provide]                        PROVIDE (end = .)

.stack          0x0000000020007e00      0x200
                0x0000000020007e00                PROVIDE (_heap_end = .)
                0x0000000020007e00                . = ALIGN (0x4)
                [!provide]                        PROVIDE (_susrstack = .)
                0x0000000020008000                . = (. + __stack_size)
 *fill*         0x0000000020007e00      0x200 
                0x0000000020008000                PROVIDE (_eusrstack = .)
OUTPUT(binmy_code_new.elf elf32-littleriscv)

.debug_info     0x0000000000000000     0x7c47
 .debug_info    0x0000000000000000     0x179e ./src/Main.o
 .debug_info    0x000000000000179e     0x199d ./src/app_i2c.o
 .debug_info    0x000000000000313b      0xe73 ./StdPeriphDriver/CH58x_gpio.o
 .debug_info    0x0000000000003fae     0x13ca ./StdPeriphDriver/CH58x_i2c.o
 .debug_info    0x0000000000005378     0x1a62 ./StdPeriphDriver/CH58x_sys.o
 .debug_info    0x0000000000006dda      0xe4b ./StdPeriphDriver/CH58x_uart1.o
 .debug_info    0x0000000000007c25       0x22 ./Startup/startup_CH583.o

.debug_abbrev   0x0000000000000000     0x13e3
 .debug_abbrev  0x0000000000000000      0x36b ./src/Main.o
 .debug_abbrev  0x000000000000036b      0x33e ./src/app_i2c.o
 .debug_abbrev  0x00000000000006a9      0x268 ./StdPeriphDriver/CH58x_gpio.o
 .debug_abbrev  0x0000000000000911      0x3c2 ./StdPeriphDriver/CH58x_i2c.o
 .debug_abbrev  0x0000000000000cd3      0x454 ./StdPeriphDriver/CH58x_sys.o
 .debug_abbrev  0x0000000000001127      0x2aa ./StdPeriphDriver/CH58x_uart1.o
 .debug_abbrev  0x00000000000013d1       0x12 ./Startup/startup_CH583.o

.debug_loc      0x0000000000000000     0x15f6
 .debug_loc     0x0000000000000000       0xaa ./src/Main.o
 .debug_loc     0x00000000000000aa      0x374 ./src/app_i2c.o
 .debug_loc     0x000000000000041e      0x361 ./StdPeriphDriver/CH58x_gpio.o
 .debug_loc     0x000000000000077f      0x5b8 ./StdPeriphDriver/CH58x_i2c.o
 .debug_loc     0x0000000000000d37      0x6d2 ./StdPeriphDriver/CH58x_sys.o
 .debug_loc     0x0000000000001409      0x1ed ./StdPeriphDriver/CH58x_uart1.o

.debug_aranges  0x0000000000000000      0x2d8
 .debug_aranges
                0x0000000000000000       0x58 ./src/Main.o
 .debug_aranges
                0x0000000000000058       0x40 ./src/app_i2c.o
 .debug_aranges
                0x0000000000000098       0x48 ./StdPeriphDriver/CH58x_gpio.o
 .debug_aranges
                0x00000000000000e0       0xe8 ./StdPeriphDriver/CH58x_i2c.o
 .debug_aranges
                0x00000000000001c8       0x90 ./StdPeriphDriver/CH58x_sys.o
 .debug_aranges
                0x0000000000000258       0x50 ./StdPeriphDriver/CH58x_uart1.o
 .debug_aranges
                0x00000000000002a8       0x30 ./Startup/startup_CH583.o

.debug_ranges   0x0000000000000000      0x300
 .debug_ranges  0x0000000000000000       0x48 ./src/Main.o
 .debug_ranges  0x0000000000000048       0x48 ./src/app_i2c.o
 .debug_ranges  0x0000000000000090       0x38 ./StdPeriphDriver/CH58x_gpio.o
 .debug_ranges  0x00000000000000c8      0x120 ./StdPeriphDriver/CH58x_i2c.o
 .debug_ranges  0x00000000000001e8       0xb0 ./StdPeriphDriver/CH58x_sys.o
 .debug_ranges  0x0000000000000298       0x40 ./StdPeriphDriver/CH58x_uart1.o
 .debug_ranges  0x00000000000002d8       0x28 ./Startup/startup_CH583.o

.debug_line     0x0000000000000000     0x5338
 .debug_line    0x0000000000000000      0xa34 ./src/Main.o
 .debug_line    0x0000000000000a34     0x1072 ./src/app_i2c.o
 .debug_line    0x0000000000001aa6      0x7a6 ./StdPeriphDriver/CH58x_gpio.o
 .debug_line    0x000000000000224c      0xf85 ./StdPeriphDriver/CH58x_i2c.o
 .debug_line    0x00000000000031d1     0x1a42 ./StdPeriphDriver/CH58x_sys.o
 .debug_line    0x0000000000004c13      0x5da ./StdPeriphDriver/CH58x_uart1.o
 .debug_line    0x00000000000051ed      0x14b ./Startup/startup_CH583.o

.debug_str      0x0000000000000000     0x1794
 .debug_str     0x0000000000000000      0xd1c ./src/Main.o
                                        0xdb0 (size before relaxing)
 .debug_str     0x0000000000000d1c      0x3f3 ./src/app_i2c.o
                                        0xebd (size before relaxing)
 .debug_str     0x000000000000110f       0xe9 ./StdPeriphDriver/CH58x_gpio.o
                                        0x9db (size before relaxing)
 .debug_str     0x00000000000011f8      0x2e5 ./StdPeriphDriver/CH58x_i2c.o
                                        0xcdc (size before relaxing)
 .debug_str     0x00000000000014dd      0x1c4 ./StdPeriphDriver/CH58x_sys.o
                                        0xc9f (size before relaxing)
 .debug_str     0x00000000000016a1       0xcc ./StdPeriphDriver/CH58x_uart1.o
                                        0x980 (size before relaxing)
 .debug_str     0x000000000000176d       0x27 ./Startup/startup_CH583.o
                                         0x62 (size before relaxing)

.comment        0x0000000000000000       0x66
 .comment       0x0000000000000000       0x33 ./src/Main.o
                                         0x34 (size before relaxing)
 .comment       0x0000000000000033       0x34 ./src/app_i2c.o
 .comment       0x0000000000000033       0x34 ./StdPeriphDriver/CH58x_gpio.o
 .comment       0x0000000000000033       0x34 ./StdPeriphDriver/CH58x_i2c.o
 .comment       0x0000000000000033       0x34 ./StdPeriphDriver/CH58x_sys.o
 .comment       0x0000000000000033       0x34 ./StdPeriphDriver/CH58x_uart1.o
 .comment       0x0000000000000033       0x33 ../StdPeriphDriver/libISP583.a(ISP583.o)
                                         0x34 (size before relaxing)

.debug_frame    0x0000000000000000      0x624
 .debug_frame   0x0000000000000000      0x11c ./src/Main.o
 .debug_frame   0x000000000000011c       0xdc ./src/app_i2c.o
 .debug_frame   0x00000000000001f8       0x70 ./StdPeriphDriver/CH58x_gpio.o
 .debug_frame   0x0000000000000268      0x1fc ./StdPeriphDriver/CH58x_i2c.o
 .debug_frame   0x0000000000000464      0x124 ./StdPeriphDriver/CH58x_sys.o
 .debug_frame   0x0000000000000588       0x9c ./StdPeriphDriver/CH58x_uart1.o

.stabstr        0x0000000000000000      0x117
 .stabstr       0x0000000000000000      0x117 /home/flinux/Downloads/MounRiver_Studio_Community_Linux_x64_V170/MRS_Community/toolchain/RISC-V_Embedded_GCC/bin/../lib/gcc/riscv-none-embed/8.2.0/../../../../riscv-none-embed/lib/rv32imac/ilp32/libnosys.a(close.o)
